[2025-02-12 15:53:09] [INFO] Nueva solicitud recibida: GET /API-TO-DO/tasks
[12-Feb-2025 15:53:09 Europe/Madrid] Request URI: /API-TO-DO/tasks
[12-Feb-2025 15:53:09 Europe/Madrid] URI procesada: tasks
[12-Feb-2025 15:53:09 Europe/Madrid] Endpoint array: Array
(
    [0] => tasks
)

[2025-02-12 15:53:09] [INFO] Validando API Key: testa...
[2025-02-12 15:53:09] [ERROR] Error en validateApiKey: SQLSTATE[42S22]: Column not found: 1054 Unknown column 'active' in 'where clause'
[2025-02-12 15:54:46] [INFO] Nueva solicitud recibida: GET /API-TO-DO/tasks
[12-Feb-2025 15:54:46 Europe/Madrid] Request URI: /API-TO-DO/tasks
[12-Feb-2025 15:54:46 Europe/Madrid] URI procesada: tasks
[12-Feb-2025 15:54:46 Europe/Madrid] Endpoint array: Array
(
    [0] => tasks
)

[2025-02-12 15:54:46] [INFO] Validando API Key: testa...
[2025-02-12 15:54:46] [ERROR] Error en validateApiKey: SQLSTATE[42S22]: Column not found: 1054 Unknown column 'active' in 'where clause'
[2025-02-12 15:56:17] [INFO] Nueva solicitud recibida: GET /API-TO-DO/tasks
[12-Feb-2025 15:56:17 Europe/Madrid] Request URI: /API-TO-DO/tasks
[12-Feb-2025 15:56:17 Europe/Madrid] URI procesada: tasks
[12-Feb-2025 15:56:17 Europe/Madrid] Endpoint array: Array
(
    [0] => tasks
)

[2025-02-12 15:56:17] [INFO] Validando API Key: testa...
[2025-02-12 15:56:17] [INFO] SQL Query: SELECT * FROM api_keys WHERE api_key = :api_key
[2025-02-12 15:56:17] [INFO] API Key válida
[2025-02-12 15:56:17] [INFO] Obteniendo ID de usuario por API Key: testa...
[2025-02-12 15:56:17] [INFO] Usuario encontrado con ID: 1
[2025-02-12 15:56:17] [INFO] Obteniendo tareas para el usuario: 1
[2025-02-12 15:56:17] [INFO] Tareas encontradas: 3
[2025-02-12 15:57:01] [INFO] Nueva solicitud recibida: POST /API-TO-DO/tasks
[12-Feb-2025 15:57:01 Europe/Madrid] Request URI: /API-TO-DO/tasks
[12-Feb-2025 15:57:01 Europe/Madrid] URI procesada: tasks
[12-Feb-2025 15:57:01 Europe/Madrid] Endpoint array: Array
(
    [0] => tasks
)

[2025-02-12 15:57:01] [INFO] Validando API Key: testa...
[2025-02-12 15:57:01] [INFO] SQL Query: SELECT * FROM api_keys WHERE api_key = :api_key
[2025-02-12 15:57:01] [INFO] API Key válida
[2025-02-12 15:57:01] [INFO] Obteniendo ID de usuario por API Key: testa...
[2025-02-12 15:57:01] [INFO] Usuario encontrado con ID: 1
[2025-02-12 15:57:01] [INFO] Iniciando createTask - Data: Array
(
    [title] => Nueva Tarea
    [description] => Descripción de la tarea
    [status] => pending
)
, UserID: 1
[2025-02-12 15:57:01] [INFO] SQL Query: INSERT INTO tasks (user_id, title, description, status, created_at, updated_at) 
                    VALUES (:user_id, :title, :description, :status, NOW(), NOW())
[2025-02-12 15:57:02] [INFO] Tarea creada con ID: 4
[2025-02-12 15:57:31] [INFO] Nueva solicitud recibida: PUT /API-TO-DO/tasks/2
[12-Feb-2025 15:57:31 Europe/Madrid] Request URI: /API-TO-DO/tasks/2
[12-Feb-2025 15:57:31 Europe/Madrid] URI procesada: tasks/2
[12-Feb-2025 15:57:31 Europe/Madrid] Endpoint array: Array
(
    [0] => tasks
    [1] => 2
)

[2025-02-12 15:57:31] [INFO] Validando API Key: testa...
[2025-02-12 15:57:31] [INFO] SQL Query: SELECT * FROM api_keys WHERE api_key = :api_key
[2025-02-12 15:57:31] [INFO] API Key válida
[2025-02-12 15:57:31] [INFO] Obteniendo ID de usuario por API Key: testa...
[2025-02-12 15:57:31] [INFO] Usuario encontrado con ID: 1
[2025-02-12 15:57:31] [INFO] Iniciando updateTask - TaskID: 2, UserID: 1, Data: Array
(
    [title] => Tarea Actualizada
    [description] => Nueva descripción
    [status] => completed
)

[2025-02-12 15:57:31] [INFO] SQL Verificación: SELECT * FROM tasks WHERE id = :id AND user_id = :user_id
[2025-02-12 15:57:31] [INFO] SQL Update: UPDATE tasks SET title = :title, description = :description, status = :status, updated_at = NOW() WHERE id = :id AND user_id = :user_id
[2025-02-12 15:57:31] [INFO] Parámetros: Array
(
    [:id] => 2
    [:user_id] => 1
    [:title] => Tarea Actualizada
    [:description] => Nueva descripción
    [:status] => completed
)

[2025-02-12 15:57:31] [INFO] Tarea actualizada exitosamente
[2025-02-12 15:58:06] [INFO] Nueva solicitud recibida: DELETE /API-TO-DO/tasks/3
[12-Feb-2025 15:58:06 Europe/Madrid] Request URI: /API-TO-DO/tasks/3
[12-Feb-2025 15:58:06 Europe/Madrid] URI procesada: tasks/3
[12-Feb-2025 15:58:06 Europe/Madrid] Endpoint array: Array
(
    [0] => tasks
    [1] => 3
)

[2025-02-12 15:58:06] [INFO] Validando API Key: testa...
[2025-02-12 15:58:06] [INFO] SQL Query: SELECT * FROM api_keys WHERE api_key = :api_key
[2025-02-12 15:58:06] [INFO] API Key válida
[2025-02-12 15:58:06] [INFO] Obteniendo ID de usuario por API Key: testa...
[2025-02-12 15:58:06] [INFO] Usuario encontrado con ID: 1
[2025-02-12 15:58:06] [INFO] Iniciando deleteTask - TaskID: 3, UserID: 1
[2025-02-12 15:58:06] [INFO] SQL Delete/Complete: UPDATE tasks 
                    SET status = 'completed', 
                        updated_at = NOW() 
                    WHERE id = :id 
                    AND user_id = :user_id
[2025-02-12 15:58:06] [INFO] Tarea marcada como completada exitosamente
[2025-02-12 15:58:27] [INFO] Nueva solicitud recibida: GET /API-TO-DO/users
[12-Feb-2025 15:58:27 Europe/Madrid] Request URI: /API-TO-DO/users
[12-Feb-2025 15:58:27 Europe/Madrid] URI procesada: users
[12-Feb-2025 15:58:27 Europe/Madrid] Endpoint array: Array
(
    [0] => users
)

[2025-02-12 15:58:27] [INFO] Iniciando procesamiento de ruta /users
[2025-02-12 15:58:27] [INFO] API Key recibida: testa...
[2025-02-12 15:58:27] [INFO] Validando API Key: testa...
[2025-02-12 15:58:27] [INFO] SQL Query: SELECT * FROM api_keys WHERE api_key = :api_key
[2025-02-12 15:58:27] [INFO] API Key válida
[2025-02-12 15:58:27] [INFO] Obteniendo información del usuario
[2025-02-12 15:58:27] [INFO] Obteniendo información de usuario por API Key: testa...
[2025-02-12 15:58:27] [INFO] SQL Query: SELECT u.id, u.username 
                    FROM users u 
                    INNER JOIN api_keys ak ON u.id = ak.user_id 
                    WHERE ak.api_key = :api_key
[2025-02-12 15:58:27] [INFO] Información de usuario recuperada exitosamente
[2025-02-12 15:58:27] [INFO] Información de usuario obtenida exitosamente
